captura 30a-generar-codigo-en-ejecucion.png
captura 30a-generar-codigo-progreso-1.png
captura 30a-generar-codigo-progreso-2.png
captura 30a-generar-codigo-progreso-3.png
captura 30a-generar-codigo-progreso-4.png
captura 30a-generar-codigo-progreso-5.png
captura 30a-generar-codigo-progreso-6.png
captura 30a-generar-codigo-progreso-7.png
captura 30a-generar-codigo-progreso-8.png
captura 30a-generar-codigo-progreso-9.png
captura 30a-generar-codigo-progreso-10.png
captura 30a-generar-codigo-progreso-11.png
captura 30a-generar-codigo-progreso-12.png
captura 30a-generar-codigo-progreso-13.png
captura 30a-generar-codigo-progreso-14.png
captura 30a-generar-codigo-terminado.png
captura 30b-HU-003-PT-01-revision-en-ejecucion.png
captura 30b-HU-003-PT-01-revision-progreso-1.png
captura 30c-HU-003-PT-01-resultado-de-la-revision.png
captura 30d-HU-003-PT-01-observaciones.png
captura 30e-HU-003-PT-01-confirmar-fusion.png
captura 30f-HU-003-PT-01-fusionando.png
captura 30g-HU-003-PT-01-fusionado.png
captura 31a-generar-codigo-en-ejecucion.png
captura 31a-generar-codigo-progreso-1.png
captura 31a-generar-codigo-progreso-2.png
captura 31a-generar-codigo-progreso-3.png
captura 31a-generar-codigo-progreso-4.png
captura 31a-generar-codigo-progreso-5.png
captura 31a-generar-codigo-progreso-6.png
captura 31a-generar-codigo-progreso-7.png
captura 31a-generar-codigo-progreso-8.png
captura 31a-generar-codigo-progreso-9.png
captura 31a-generar-codigo-progreso-10.png
captura 31a-generar-codigo-progreso-11.png
captura 31a-generar-codigo-progreso-12.png
captura 31a-generar-codigo-progreso-13.png
captura 31a-generar-codigo-progreso-14.png
captura 31a-generar-codigo-terminado.png
captura 31b-HU-003-PT-02-revision-en-ejecucion.png
captura 31b-HU-003-PT-02-revision-progreso-1.png
captura 31c-HU-003-PT-02-resultado-de-la-revision.png
captura 31d-HU-003-PT-02-observaciones.png
captura 31e-HU-003-PT-02-confirmar-fusion.png
captura 31f-HU-003-PT-02-fusionando.png
captura 31g-HU-003-PT-02-fusionado.png
captura 32a-generar-codigo-en-ejecucion.png
captura 32a-generar-codigo-progreso-1.png
captura 32a-generar-codigo-progreso-2.png
captura 32a-generar-codigo-progreso-3.png
captura 32a-generar-codigo-progreso-4.png
captura 32a-generar-codigo-progreso-5.png
captura 32a-generar-codigo-progreso-6.png
captura 32a-generar-codigo-terminado.png
captura 32b-HU-003-PT-03-revision-en-ejecucion.png
captura 32b-HU-003-PT-03-revision-progreso-1.png
captura 32c-HU-003-PT-03-resultado-de-la-revision.png
captura 32e-HU-003-PT-03-confirmar-fusion.png
captura 32f-HU-003-PT-03-fusionando.png
captura 32g-HU-003-PT-03-fusionado.png
captura 33a-generar-codigo-en-ejecucion.png
captura 33a-generar-codigo-progreso-1.png
captura 33a-generar-codigo-progreso-2.png
captura 33a-generar-codigo-progreso-3.png
captura 33a-generar-codigo-progreso-4.png
captura 33a-generar-codigo-progreso-5.png
captura 33a-generar-codigo-progreso-6.png
captura 33a-generar-codigo-progreso-7.png
captura 33a-generar-codigo-progreso-8.png
captura 33a-generar-codigo-progreso-9.png
captura 33a-generar-codigo-progreso-10.png
captura 33a-generar-codigo-progreso-11.png
captura 33a-generar-codigo-progreso-12.png
captura 33a-generar-codigo-terminado.png
captura 33b-HU-003-PT-04-revision-en-ejecucion.png
captura 33b-HU-003-PT-04-revision-progreso-1.png
captura 33c-HU-003-PT-04-resultado-de-la-revision.png
captura 33e-HU-003-PT-04-confirmar-fusion.png
captura 33f-HU-003-PT-04-fusionando.png
captura 33g-HU-003-PT-04-fusionado.png
