captura 27h-HU-002-PT-02-con-ci-en-rojo.png
captura 27i-HU-002-avanzar-hu-en-ejecucion.png
captura 27j-HU-002-avanzar-hu-progreso-1.png
captura 27j-HU-002-avanzar-hu-progreso-2.png
captura 27j-HU-002-avanzar-hu-progreso-3.png
captura 27j-HU-002-avanzar-hu-progreso-4.png
captura 27j-HU-002-avanzar-hu-progreso-5.png
captura 27j-HU-002-avanzar-hu-progreso-6.png
captura 27j-HU-002-avanzar-hu-progreso-7.png
captura 27j-HU-002-avanzar-hu-progreso-8.png
captura 27j-HU-002-avanzar-hu-progreso-9.png
captura 27j-HU-002-avanzar-hu-progreso-10.png
captura 27j-HU-002-avanzar-hu-progreso-11.png
captura 27j-HU-002-avanzar-hu-progreso-12.png
captura 27j-HU-002-avanzar-hu-progreso-13.png
captura 27j-HU-002-avanzar-hu-progreso-14.png
captura 27j-HU-002-avanzar-hu-progreso-15.png
captura 27j-HU-002-avanzar-hu-progreso-16.png
captura 27j-HU-002-avanzar-hu-progreso-17.png
captura 27j-HU-002-avanzar-hu-progreso-18.png
captura 27j-HU-002-avanzar-hu-progreso-19.png
captura 27j-HU-002-avanzar-hu-progreso-20.png
captura 27j-HU-002-avanzar-hu-progreso-21.png
captura 27j-HU-002-avanzar-hu-progreso-22.png
captura 27j-HU-002-avanzar-hu-progreso-23.png
captura 27j-HU-002-avanzar-hu-progreso-24.png
captura 27j-HU-002-avanzar-hu-progreso-25.png
captura 27j-HU-002-avanzar-hu-progreso-26.png
captura 27j-HU-002-avanzar-hu-progreso-27.png
captura 27j-HU-002-avanzar-hu-progreso-28.png
captura 27j-HU-002-avanzar-hu-progreso-29.png
captura 27j-HU-002-avanzar-hu-progreso-30.png
captura 27j-HU-002-avanzar-hu-progreso-31.png
captura 27k-HU-002-avanzar-hu-terminado.png
captura 27l-HU-002-PT-02-resultado.png
procesando HU-002/PT-02 · esperando la integración continua: Backend (lint, typecheck, Jest, Docker)
procesando HU-002/PT-02 · esperando la integración continua: Backend (lint, typecheck, Jest, Docker)
procesando HU-002/PT-02 · esperando la integración continua: Backend (lint, typecheck, Jest, Docker)
procesando HU-002/PT-02 · esperando la integración continua: CI
procesando HU-002/PT-02 · CI en verde (4 check(s))
item_listo HU-002/PT-02: PR fusionado (en_revision, 0 observación(es) al cierre)
