captura 43a-HU-002-smoke-dialogo.png
captura 43b-HU-002-smoke-en-ejecucion.png
captura 43c-HU-002-smoke-progreso-1.png
captura 43c-HU-002-smoke-progreso-2.png
captura 43c-HU-002-smoke-progreso-3.png
captura 43c-HU-002-smoke-progreso-4.png
captura 43c-HU-002-smoke-progreso-5.png
captura 43c-HU-002-smoke-progreso-6.png
captura 43c-HU-002-smoke-progreso-7.png
captura 43c-HU-002-smoke-progreso-8.png
captura 43c-HU-002-smoke-progreso-9.png
captura 43c-HU-002-smoke-progreso-10.png
captura 43c-HU-002-smoke-progreso-11.png
captura 43c-HU-002-smoke-progreso-12.png
captura 43c-HU-002-smoke-progreso-13.png
captura 43c-HU-002-smoke-progreso-14.png
captura 43c-HU-002-smoke-progreso-15.png
captura 43c-HU-002-smoke-progreso-16.png
captura 43c-HU-002-smoke-progreso-17.png
captura 43c-HU-002-smoke-progreso-18.png
captura 43c-HU-002-smoke-progreso-19.png
captura 43c-HU-002-smoke-progreso-20.png
captura 43c-HU-002-smoke-progreso-21.png
captura 43c-HU-002-smoke-progreso-22.png
captura 43c-HU-002-smoke-progreso-23.png
captura 43c-HU-002-smoke-progreso-24.png
captura 43c-HU-002-smoke-progreso-25.png
captura 43c-HU-002-smoke-progreso-26.png
captura 43c-HU-002-smoke-progreso-27.png
captura 43c-HU-002-smoke-progreso-28.png
captura 43c-HU-002-smoke-progreso-29.png
captura 43c-HU-002-smoke-progreso-30.png
captura 43c-HU-002-smoke-progreso-31.png
captura 43c-HU-002-smoke-progreso-32.png
captura 43c-HU-002-smoke-progreso-33.png
captura 43c-HU-002-smoke-progreso-34.png
captura 43c-HU-002-smoke-progreso-35.png
True
captura 43d-HU-002-smoke-terminado.png
captura 43e-HU-002-resultado-del-smoke-testing.png
