captura 42a-HU-001-smoke-dialogo.png
captura 42b-HU-001-smoke-en-ejecucion.png
captura 42c-HU-001-smoke-progreso-1.png
captura 42c-HU-001-smoke-progreso-2.png
captura 42c-HU-001-smoke-progreso-3.png
captura 42c-HU-001-smoke-progreso-4.png
captura 42c-HU-001-smoke-progreso-5.png
captura 42c-HU-001-smoke-progreso-6.png
captura 42c-HU-001-smoke-progreso-7.png
captura 42c-HU-001-smoke-progreso-8.png
captura 42c-HU-001-smoke-progreso-9.png
captura 42c-HU-001-smoke-progreso-10.png
captura 42c-HU-001-smoke-progreso-11.png
captura 42c-HU-001-smoke-progreso-12.png
captura 42c-HU-001-smoke-progreso-13.png
captura 42c-HU-001-smoke-progreso-14.png
captura 42c-HU-001-smoke-progreso-15.png
captura 42c-HU-001-smoke-progreso-16.png
captura 42c-HU-001-smoke-progreso-17.png
captura 42c-HU-001-smoke-progreso-18.png
True
captura 42d-HU-001-smoke-terminado.png
captura 42e-HU-001-resultado-del-smoke-testing.png
