Traceback (most recent call last):
  File "C:\jsoto\jcsoto-tech-lead\itz\tesis\evidencia\corrida-E1c-2026-09-21\paso10_avanzar_hu003.py", line 7, in <module>
    grupo.get_by_role("button", name="Avanzar con esta HU").click(); time.sleep(2)
    ~~~~~~~~~~~~~~~~~~~~~~~~~~~~~~~~~~~~~~~~~~~~~~~~~~~~~~~~~~~~~^^
  File "C:\Users\jncso\AppData\Local\Programs\Python\Python313\Lib\site-packages\playwright\sync_api\_generated.py", line 17876, in click
    self._sync(
    ~~~~~~~~~~^
        self._impl_obj.click(
        ^^^^^^^^^^^^^^^^^^^^^
    ...<11 lines>...
        )
        ^
    )
    ^
  File "C:\Users\jncso\AppData\Local\Programs\Python\Python313\Lib\site-packages\playwright\_impl\_sync_base.py", line 115, in _sync
    return task.result()
           ~~~~~~~~~~~^^
  File "C:\Users\jncso\AppData\Local\Programs\Python\Python313\Lib\site-packages\playwright\_impl\_locator.py", line 165, in click
    return await self._frame._click(self._selector, strict=True, **params)
           ^^^^^^^^^^^^^^^^^^^^^^^^^^^^^^^^^^^^^^^^^^^^^^^^^^^^^^^^^^^^^^^
  File "C:\Users\jncso\AppData\Local\Programs\Python\Python313\Lib\site-packages\playwright\_impl\_frame.py", line 593, in _click
    await self._channel.send("click", self._timeout, locals_to_params(locals()))
  File "C:\Users\jncso\AppData\Local\Programs\Python\Python313\Lib\site-packages\playwright\_impl\_connection.py", line 76, in send
    return await self._connection.wrap_api_call(
           ^^^^^^^^^^^^^^^^^^^^^^^^^^^^^^^^^^^^^
    ...<3 lines>...
    )
    ^
  File "C:\Users\jncso\AppData\Local\Programs\Python\Python313\Lib\site-packages\playwright\_impl\_connection.py", line 632, in wrap_api_call
    raise rewrite_error(error, f"{parsed_st['apiName']}: {error}") from None
playwright._impl._errors.TimeoutError: Locator.click: Timeout 30000ms exceeded.
Call log:
  - waiting for locator("div").filter(has_text=re.compile(r"HU-003 · Cerrar sesión")).last.get_by_role("button", name="Avanzar con esta HU")

